// Bun Snapshot v1, https://goo.gl/fbAQLP

exports[`math addition 1`] = `10`;

exports[`math test object snapshot 1`] = `
{
  "age": 32,
  "name": "Erika",
}
`;
